// Jest Snapshot v1, https://goo.gl/fbAQLP

exports[`ProductInfo Component deber√≠a generar snapshot de componente correctamente 1`] = `
<RNCSafeAreaProvider
  onInsetsChange={[Function]}
  style={
    [
      {
        "flex": 1,
      },
      undefined,
    ]
  }
>
  <Text
    dataSet={{}}
    style={
      [
        {
          "backgroundColor": undefined,
          "color": "#9B9898",
          "fontFamily": undefined,
          "fontSize": 14,
          "fontStyle": "normal",
          "fontWeight": "400",
          "letterSpacing": 0,
          "lineHeight": 21,
          "textDecorationLine": undefined,
        },
        [
          {
            "fontSize": 14,
            "fontWeight": "800",
            "lineHeight": 19,
            "paddingTop": 32,
          },
          undefined,
        ],
      ]
    }
  >
    Titulo mock
  </Text>
  <Text
    dataSet={{}}
    style={
      [
        {
          "backgroundColor": undefined,
          "color": "#171717",
          "fontFamily": undefined,
          "fontSize": 14,
          "fontStyle": "normal",
          "fontWeight": "400",
          "letterSpacing": 0,
          "lineHeight": 21,
          "textDecorationLine": undefined,
        },
        [
          {
            "fontSize": 16,
            "fontWeight": "800",
            "lineHeight": 22,
            "paddingTop": 20,
          },
          undefined,
        ],
      ]
    }
  >
    Comprado el 6 de Marzo, 2023
  </Text>
  <Text
    dataSet={{}}
    style={
      [
        {
          "backgroundColor": undefined,
          "color": "#9B9898",
          "fontFamily": undefined,
          "fontSize": 14,
          "fontStyle": "normal",
          "fontWeight": "400",
          "letterSpacing": 0,
          "lineHeight": 21,
          "textDecorationLine": undefined,
        },
        [
          {
            "fontSize": 14,
            "fontWeight": "800",
            "lineHeight": 19,
            "paddingTop": 20,
          },
          undefined,
        ],
      ]
    }
  >
    Acumulados mock
  </Text>
  <Text
    dataSet={{}}
    style={
      [
        {
          "backgroundColor": undefined,
          "color": "#171717",
          "fontFamily": undefined,
          "fontSize": 14,
          "fontStyle": "normal",
          "fontWeight": "400",
          "letterSpacing": 0,
          "lineHeight": 21,
          "textDecorationLine": undefined,
        },
        [
          {
            "fontSize": 24,
            "fontWeight": "800",
            "lineHeight": 33,
            "paddingBottom": 20,
            "paddingTop": 20,
          },
          undefined,
        ],
      ]
    }
  >
    5000 puntos
  </Text>
</RNCSafeAreaProvider>
`;
