// Jest Snapshot v1, https://goo.gl/fbAQLP

exports[`Product Detail Container deber√≠a generar snapshot de container correctamente 1`] = `
<RNCSafeAreaProvider
  onInsetsChange={[Function]}
  style={
    [
      {
        "flex": 1,
      },
      undefined,
    ]
  }
>
  <View
    dataSet={{}}
    style={
      [
        {
          "flex": 1,
        },
        [
          {
            "backgroundColor": "white",
          },
          undefined,
        ],
      ]
    }
  >
    <View
      dataSet={{}}
      style={
        [
          {
            "backgroundColor": "#CFD6FF",
          },
          [
            {
              "paddingBottom": 24,
              "paddingLeft": 20,
              "paddingRight": 20,
              "paddingTop": 80,
            },
            undefined,
          ],
        ]
      }
    >
      <Text
        dataSet={{}}
        style={
          [
            {
              "backgroundColor": undefined,
              "color": "#171717",
              "fontFamily": undefined,
              "fontSize": 14,
              "fontStyle": "normal",
              "fontWeight": "400",
              "letterSpacing": 0,
              "lineHeight": 21,
              "textDecorationLine": undefined,
            },
            [
              {
                "fontSize": 24,
                "fontWeight": "800",
                "lineHeight": 24,
              },
              undefined,
            ],
          ]
        }
      >
        Fantastic Granite Bacon
      </Text>
    </View>
    <RNCSafeAreaView>
      <RCTScrollView
        contentContainerStyle={
          [
            {},
            {
              "dataSet": {},
            },
            {},
          ]
        }
        dataSet={{}}
        style={{}}
      >
        <View>
          <View
            dataSet={{}}
            style={
              [
                {},
                [
                  {
                    "backgroundColor": "#fff",
                    "paddingBottom": 150,
                    "paddingLeft": 20,
                    "paddingRight": 20,
                    "paddingTop": 20,
                  },
                  undefined,
                ],
              ]
            }
          >
            <View
              dataSet={{}}
              style={
                {
                  "elevation": 10,
                  "shadowColor": "#000000",
                  "shadowOffset": {
                    "height": 5,
                    "width": 0,
                  },
                  "shadowOpacity": 0.34,
                  "shadowRadius": 6.27,
                }
              }
            >
              <Image
                source={
                  {
                    "uri": "https://loremflickr.com/640/480/technics",
                  }
                }
                style={
                  [
                    {
                      "height": 340,
                      "width": "100%",
                    },
                    undefined,
                  ]
                }
              />
            </View>
            <Text
              dataSet={{}}
              style={
                [
                  {
                    "backgroundColor": undefined,
                    "color": "#9B9898",
                    "fontFamily": undefined,
                    "fontSize": 14,
                    "fontStyle": "normal",
                    "fontWeight": "400",
                    "letterSpacing": 0,
                    "lineHeight": 21,
                    "textDecorationLine": undefined,
                  },
                  [
                    {
                      "fontSize": 14,
                      "fontWeight": "800",
                      "lineHeight": 19,
                      "paddingTop": 32,
                    },
                    undefined,
                  ],
                ]
              }
            >
              Detalles del producto:
            </Text>
            <Text
              dataSet={{}}
              style={
                [
                  {
                    "backgroundColor": undefined,
                    "color": "#171717",
                    "fontFamily": undefined,
                    "fontSize": 14,
                    "fontStyle": "normal",
                    "fontWeight": "400",
                    "letterSpacing": 0,
                    "lineHeight": 21,
                    "textDecorationLine": undefined,
                  },
                  [
                    {
                      "fontSize": 16,
                      "fontWeight": "800",
                      "lineHeight": 22,
                      "paddingTop": 20,
                    },
                    undefined,
                  ],
                ]
              }
            >
              Comprado el 6 de Marzo, 2023
            </Text>
            <Text
              dataSet={{}}
              style={
                [
                  {
                    "backgroundColor": undefined,
                    "color": "#9B9898",
                    "fontFamily": undefined,
                    "fontSize": 14,
                    "fontStyle": "normal",
                    "fontWeight": "400",
                    "letterSpacing": 0,
                    "lineHeight": 21,
                    "textDecorationLine": undefined,
                  },
                  [
                    {
                      "fontSize": 14,
                      "fontWeight": "800",
                      "lineHeight": 19,
                      "paddingTop": 20,
                    },
                    undefined,
                  ],
                ]
              }
            >
              Con esta compra acumulaste:
            </Text>
            <Text
              dataSet={{}}
              style={
                [
                  {
                    "backgroundColor": undefined,
                    "color": "#171717",
                    "fontFamily": undefined,
                    "fontSize": 14,
                    "fontStyle": "normal",
                    "fontWeight": "400",
                    "letterSpacing": 0,
                    "lineHeight": 21,
                    "textDecorationLine": undefined,
                  },
                  [
                    {
                      "fontSize": 24,
                      "fontWeight": "800",
                      "lineHeight": 33,
                      "paddingBottom": 20,
                      "paddingTop": 20,
                    },
                    undefined,
                  ],
                ]
              }
            >
              42,416 puntos
            </Text>
            <View
              accessibilityRole="button"
              accessibilityState={
                {
                  "busy": undefined,
                  "checked": undefined,
                  "disabled": undefined,
                  "expanded": undefined,
                  "selected": undefined,
                }
              }
              accessibilityValue={
                {
                  "max": undefined,
                  "min": undefined,
                  "now": undefined,
                  "text": undefined,
                }
              }
              accessible={true}
              collapsable={false}
              colorScheme="primary"
              dataSet={{}}
              focusable={true}
              onBlur={[Function]}
              onClick={[Function]}
              onFocus={[Function]}
              onResponderGrant={[Function]}
              onResponderMove={[Function]}
              onResponderRelease={[Function]}
              onResponderTerminate={[Function]}
              onResponderTerminationRequest={[Function]}
              onStartShouldSetResponder={[Function]}
              style={
                [
                  {
                    "alignItems": "center",
                    "backgroundColor": "#334FFA",
                    "borderRadius": 4,
                    "flexDirection": "row",
                    "justifyContent": "center",
                    "paddingBottom": 10,
                    "paddingLeft": 12,
                    "paddingRight": 12,
                    "paddingTop": 10,
                  },
                  [
                    {
                      "borderBottomLeftRadius": 10,
                      "borderBottomRightRadius": 10,
                      "borderTopLeftRadius": 10,
                      "borderTopRightRadius": 10,
                    },
                    undefined,
                  ],
                ]
              }
              testID="accept-button"
            >
              <View
                dataSet={{}}
                style={
                  {
                    "alignItems": "center",
                    "flexDirection": "row",
                  }
                }
                test={true}
              >
                <View
                  dataSet={{}}
                  style={{}}
                >
                  <Text
                    dataSet={{}}
                    style={
                      {
                        "backgroundColor": undefined,
                        "color": "#FFFFFF",
                        "fontFamily": undefined,
                        "fontSize": 16,
                        "fontStyle": "normal",
                        "fontWeight": "800",
                        "letterSpacing": 0,
                        "lineHeight": 22,
                        "textDecorationLine": undefined,
                      }
                    }
                  >
                    Aceptar
                  </Text>
                </View>
              </View>
            </View>
          </View>
        </View>
      </RCTScrollView>
    </RNCSafeAreaView>
  </View>
</RNCSafeAreaProvider>
`;
