// Jest Snapshot v1, https://goo.gl/fbAQLP

exports[`Movements Container deber√≠a generar snapshot de container correctamente 1`] = `
<RNCSafeAreaProvider
  onInsetsChange={[Function]}
  style={
    [
      {
        "flex": 1,
      },
      undefined,
    ]
  }
>
  <RNCSafeAreaView>
    <View
      dataSet={{}}
      style={
        [
          {},
          [
            {
              "flexDirection": "column",
              "paddingBottom": 20,
              "paddingLeft": 20,
              "paddingRight": 20,
              "paddingTop": 20,
            },
            undefined,
          ],
        ]
      }
    >
      <View
        border="1"
        dataSet={{}}
        style={
          {
            "borderRadius": 6,
          }
        }
      >
        <View
          dataSet={{}}
          style={{}}
        >
          <Text
            dataSet={{}}
            style={
              [
                {
                  "backgroundColor": undefined,
                  "color": "#020202",
                  "fontFamily": undefined,
                  "fontSize": 14,
                  "fontStyle": "normal",
                  "fontWeight": "400",
                  "letterSpacing": 0,
                  "lineHeight": 21,
                  "textDecorationLine": undefined,
                },
                [
                  {
                    "fontSize": 20,
                    "fontWeight": "800",
                    "lineHeight": 27,
                  },
                  undefined,
                ],
              ]
            }
          >
            Bienvenido de Vuelta!
          </Text>
        </View>
        <View
          dataSet={{}}
          style={{}}
        >
          <Text
            dataSet={{}}
            style={
              [
                {
                  "backgroundColor": undefined,
                  "color": "#020202",
                  "fontFamily": undefined,
                  "fontSize": 14,
                  "fontStyle": "normal",
                  "fontWeight": "400",
                  "letterSpacing": 0,
                  "lineHeight": 21,
                  "textDecorationLine": undefined,
                },
                [
                  {
                    "fontSize": 16,
                    "lineHeight": 27,
                  },
                  undefined,
                ],
              ]
            }
          >
            Ruben Rodriguez
          </Text>
        </View>
      </View>
      <View
        dataSet={{}}
        style={{}}
      >
        <Text
          dataSet={{}}
          style={
            [
              {
                "backgroundColor": undefined,
                "color": "#9B9898",
                "fontFamily": undefined,
                "fontSize": 14,
                "fontStyle": "normal",
                "fontWeight": "400",
                "letterSpacing": 0,
                "lineHeight": 21,
                "textDecorationLine": undefined,
              },
              [
                {
                  "fontSize": 14,
                  "fontWeight": "800",
                  "lineHeight": 19,
                  "paddingBottom": 20,
                  "paddingTop": 20,
                },
                undefined,
              ],
            ]
          }
        >
          TUS PUNTOS
        </Text>
        <View
          dataSet={{}}
          style={
            [
              {},
              [
                {
                  "paddingLeft": 34,
                  "paddingRight": 34,
                },
                undefined,
              ],
            ]
          }
        >
          <View
            dataSet={{}}
            style={
              [
                {
                  "alignSelf": "center",
                  "backgroundColor": "#334FFA",
                  "elevation": 10,
                  "shadowColor": "#000000",
                  "shadowOffset": {
                    "height": 5,
                    "width": 0,
                  },
                  "shadowOpacity": 0.34,
                  "shadowRadius": 6.27,
                  "width": "100%",
                },
                [
                  {
                    "borderBottomLeftRadius": 20,
                    "borderBottomRightRadius": 20,
                    "borderTopLeftRadius": 20,
                    "borderTopRightRadius": 20,
                    "paddingBottom": 20,
                    "paddingLeft": 20,
                    "paddingRight": 20,
                    "paddingTop": 20,
                  },
                  undefined,
                ],
              ]
            }
          >
            <View
              dataSet={{}}
              style={{}}
            >
              <Text
                dataSet={{}}
                style={
                  [
                    {
                      "backgroundColor": undefined,
                      "color": "#171717",
                      "fontFamily": undefined,
                      "fontSize": 14,
                      "fontStyle": "normal",
                      "fontWeight": "400",
                      "letterSpacing": 0,
                      "lineHeight": 21,
                      "textDecorationLine": undefined,
                    },
                    [
                      {
                        "color": "white",
                        "fontSize": 16,
                        "fontWeight": "800",
                        "lineHeight": 22,
                        "paddingBottom": 7,
                      },
                      undefined,
                    ],
                  ]
                }
              >
                Marzo
              </Text>
            </View>
            <View
              dataSet={{}}
              style={{}}
            >
              <Text
                dataSet={{}}
                style={
                  [
                    {
                      "alignSelf": "center",
                      "backgroundColor": undefined,
                      "color": "#171717",
                      "fontFamily": undefined,
                      "fontSize": 14,
                      "fontStyle": "normal",
                      "fontWeight": "400",
                      "letterSpacing": 0,
                      "lineHeight": 21,
                      "textDecorationLine": undefined,
                    },
                    [
                      {
                        "color": "white",
                        "fontSize": 32,
                        "fontWeight": "800",
                        "lineHeight": 44,
                        "paddingBottom": 20,
                      },
                      undefined,
                    ],
                  ]
                }
              >
                41,673 pts
              </Text>
            </View>
          </View>
        </View>
      </View>
      <View
        dataSet={{}}
        style={{}}
      >
        <Text
          dataSet={{}}
          style={
            [
              {
                "backgroundColor": undefined,
                "color": "#9B9898",
                "fontFamily": undefined,
                "fontSize": 14,
                "fontStyle": "normal",
                "fontWeight": "400",
                "letterSpacing": 0,
                "lineHeight": 21,
                "textDecorationLine": undefined,
              },
              [
                {
                  "fontSize": 14,
                  "fontWeight": "800",
                  "lineHeight": 19,
                  "paddingBottom": 20,
                  "paddingTop": 20,
                },
                undefined,
              ],
            ]
          }
        >
          TUS MOVIMIENTOS
        </Text>
        <View
          dataSet={{}}
          style={
            [
              {
                "backgroundColor": "#FFFFFF",
                "maxWidth": "100%",
              },
              [
                {
                  "borderBottomLeftRadius": 10,
                  "borderBottomRightRadius": 10,
                  "borderTopLeftRadius": 10,
                  "borderTopRightRadius": 10,
                  "paddingBottom": 16,
                  "paddingLeft": 10,
                  "paddingRight": 10,
                  "paddingTop": 16,
                },
                [
                  {
                    "height": 533.6,
                  },
                ],
              ],
            ]
          }
          testID="movements-list-container"
        >
          <FlatList
            data={
              [
                {
                  "createdAt": "2023-03-11T04:50:50.205Z",
                  "id": "2",
                  "image": "https://loremflickr.com/640/480/technics",
                  "is_redemption": false,
                  "points": 92984,
                  "product": "Recycled Plastic Tuna",
                },
                {
                  "createdAt": "2023-03-11T04:35:35.259Z",
                  "id": "3",
                  "image": "https://loremflickr.com/640/480/technics",
                  "is_redemption": false,
                  "points": 42416,
                  "product": "Fantastic Granite Bacon",
                },
                {
                  "createdAt": "2023-03-11T13:57:33.428Z",
                  "id": "4",
                  "image": "https://loremflickr.com/640/480/city",
                  "is_redemption": true,
                  "points": 23913,
                  "product": "Fantastic Fresh Gloves",
                },
                {
                  "createdAt": "2023-03-11T12:17:47.118Z",
                  "id": "5",
                  "image": "https://loremflickr.com/640/480/people",
                  "is_redemption": true,
                  "points": 69814,
                  "product": "Rustic Rubber Bacon",
                },
              ]
            }
            keyExtractor={[Function]}
            renderItem={[Function]}
          />
        </View>
      </View>
      <View
        dataSet={{}}
        style={
          [
            {},
            [
              {
                "justifyContent": "flex-end",
              },
              undefined,
            ],
          ]
        }
      >
        <View
          dataSet={{}}
          style={{}}
        >
          <View
            dataSet={{}}
            style={
              {
                "flexDirection": "row",
                "justifyContent": "center",
              }
            }
          >
            <View
              accessibilityRole="button"
              accessibilityState={
                {
                  "busy": undefined,
                  "checked": undefined,
                  "disabled": undefined,
                  "expanded": undefined,
                  "selected": undefined,
                }
              }
              accessibilityValue={
                {
                  "max": undefined,
                  "min": undefined,
                  "now": undefined,
                  "text": undefined,
                }
              }
              accessible={true}
              collapsable={false}
              colorScheme="primary"
              dataSet={{}}
              focusable={true}
              onBlur={[Function]}
              onClick={[Function]}
              onFocus={[Function]}
              onResponderGrant={[Function]}
              onResponderMove={[Function]}
              onResponderRelease={[Function]}
              onResponderTerminate={[Function]}
              onResponderTerminationRequest={[Function]}
              onStartShouldSetResponder={[Function]}
              style={
                [
                  {
                    "alignItems": "center",
                    "backgroundColor": "#334FFA",
                    "borderRadius": 4,
                    "flexDirection": "row",
                    "justifyContent": "center",
                    "paddingBottom": 10,
                    "paddingLeft": 12,
                    "paddingRight": 12,
                    "paddingTop": 10,
                  },
                  [
                    {
                      "borderBottomLeftRadius": 10,
                      "borderBottomRightRadius": 10,
                      "borderTopLeftRadius": 10,
                      "borderTopRightRadius": 10,
                      "height": 50,
                      "marginBottom": 40,
                      "marginRight": 13,
                      "marginTop": 20,
                      "width": "48%",
                    },
                    undefined,
                  ],
                ]
              }
              testID="earned-points-button"
            >
              <View
                dataSet={{}}
                style={
                  {
                    "alignItems": "center",
                    "flexDirection": "row",
                  }
                }
                test={true}
              >
                <View
                  dataSet={{}}
                  style={{}}
                >
                  <Text
                    dataSet={{}}
                    style={
                      {
                        "backgroundColor": undefined,
                        "color": "#FFFFFF",
                        "fontFamily": undefined,
                        "fontSize": 12,
                        "fontStyle": "normal",
                        "fontWeight": "800",
                        "letterSpacing": 0,
                        "lineHeight": 16,
                        "textDecorationLine": undefined,
                      }
                    }
                  >
                    Ganados
                  </Text>
                </View>
              </View>
            </View>
            <View
              dataSet={{}}
              style={
                {
                  "width": 8,
                }
              }
            />
            <View
              accessibilityRole="button"
              accessibilityState={
                {
                  "busy": undefined,
                  "checked": undefined,
                  "disabled": undefined,
                  "expanded": undefined,
                  "selected": undefined,
                }
              }
              accessibilityValue={
                {
                  "max": undefined,
                  "min": undefined,
                  "now": undefined,
                  "text": undefined,
                }
              }
              accessible={true}
              collapsable={false}
              colorScheme="primary"
              dataSet={{}}
              focusable={true}
              onBlur={[Function]}
              onClick={[Function]}
              onFocus={[Function]}
              onResponderGrant={[Function]}
              onResponderMove={[Function]}
              onResponderRelease={[Function]}
              onResponderTerminate={[Function]}
              onResponderTerminationRequest={[Function]}
              onStartShouldSetResponder={[Function]}
              style={
                [
                  {
                    "alignItems": "center",
                    "backgroundColor": "#334FFA",
                    "borderRadius": 4,
                    "flexDirection": "row",
                    "justifyContent": "center",
                    "paddingBottom": 10,
                    "paddingLeft": 12,
                    "paddingRight": 12,
                    "paddingTop": 10,
                  },
                  [
                    {
                      "borderBottomLeftRadius": 10,
                      "borderBottomRightRadius": 10,
                      "borderTopLeftRadius": 10,
                      "borderTopRightRadius": 10,
                      "height": 50,
                      "marginBottom": 40,
                      "marginTop": 20,
                      "width": "48%",
                    },
                    undefined,
                  ],
                ]
              }
              testID="redeemed-points-button"
            >
              <View
                dataSet={{}}
                style={
                  {
                    "alignItems": "center",
                    "flexDirection": "row",
                  }
                }
                test={true}
              >
                <View
                  dataSet={{}}
                  style={{}}
                >
                  <Text
                    dataSet={{}}
                    style={
                      {
                        "backgroundColor": undefined,
                        "color": "#FFFFFF",
                        "fontFamily": undefined,
                        "fontSize": 12,
                        "fontStyle": "normal",
                        "fontWeight": "800",
                        "letterSpacing": 0,
                        "lineHeight": 16,
                        "textDecorationLine": undefined,
                      }
                    }
                  >
                    Canjeados
                  </Text>
                </View>
              </View>
            </View>
          </View>
        </View>
      </View>
    </View>
  </RNCSafeAreaView>
</RNCSafeAreaProvider>
`;
